2025-11-14 00:21:25,574 INFO  [main] org.mongodb.driver.client : MongoClient with metadata {"driver": {"name": "mongo-java-driver|sync", "version": "5.1.0"}, "os": {"type": "Windows", "name": "Windows 11", "architecture": "amd64", "version": "10.0"}, "platform": "Java/Oracle Corporation/20.0.2+9-78"} created with settings MongoClientSettings{readPreference=primary, writeConcern=WriteConcern{w=null, wTimeout=null ms, journal=null}, retryWrites=true, retryReads=true, readConcern=ReadConcern{level=null}, credential=null, transportSettings=null, commandListeners=[], codecRegistry=ProvidersCodecRegistry{codecProviders=[ProvidersCodecRegistry{codecProviders=[ValueCodecProvider{}, BsonValueCodecProvider{}, DBRefCodecProvider{}, DBObjectCodecProvider{}, DocumentCodecProvider{}, CollectionCodecProvider{}, IterableCodecProvider{}, MapCodecProvider{}, GeoJsonCodecProvider{}, GridFSFileCodecProvider{}, Jsr310CodecProvider{}, JsonObjectCodecProvider{}, BsonCodecProvider{}, EnumCodecProvider{}, com.mongodb.client.model.mql.ExpressionCodecProvider@2ece4966, com.mongodb.Jep395RecordCodecProvider@1dd0e7c4, com.mongodb.KotlinCodecProvider@7894f09b]}, ProvidersCodecRegistry{codecProviders=[org.bson.codecs.pojo.PojoCodecProvider@3d484181]}]}, loggerSettings=LoggerSettings{maxDocumentLength=1000}, clusterSettings={hosts=[localhost:27017], srvServiceName=mongodb, mode=SINGLE, requiredClusterType=UNKNOWN, requiredReplicaSetName='null', serverSelector='null', clusterListeners='[]', serverSelectionTimeout='30000 ms', localThreshold='15 ms'}, socketSettings=SocketSettings{connectTimeoutMS=10000, readTimeoutMS=0, receiveBufferSize=0, proxySettings=ProxySettings{host=null, port=null, username=null, password=null}}, heartbeatSocketSettings=SocketSettings{connectTimeoutMS=10000, readTimeoutMS=10000, receiveBufferSize=0, proxySettings=ProxySettings{host=null, port=null, username=null, password=null}}, connectionPoolSettings=ConnectionPoolSettings{maxSize=100, minSize=0, maxWaitTimeMS=120000, maxConnectionLifeTimeMS=0, maxConnectionIdleTimeMS=0, maintenanceInitialDelayMS=0, maintenanceFrequencyMS=60000, connectionPoolListeners=[], maxConnecting=2}, serverSettings=ServerSettings{heartbeatFrequencyMS=10000, minHeartbeatFrequencyMS=500, serverMonitoringMode=AUTO, serverListeners='[]', serverMonitorListeners='[]'}, sslSettings=SslSettings{enabled=false, invalidHostNameAllowed=false, context=null}, applicationName='null', compressorList=[], uuidRepresentation=UNSPECIFIED, serverApi=null, autoEncryptionSettings=null, dnsClient=null, inetAddressResolver=null, contextProvider=null}
2025-11-14 00:21:25,588 INFO  [cluster-ClusterId{value='691628ad0ab3e96d8e4f0dbf', description='null'}-localhost:27017] org.mongodb.driver.cluster : Monitor thread successfully connected to server with description ServerDescription{address=localhost:27017, type=STANDALONE, state=CONNECTED, ok=true, minWireVersion=0, maxWireVersion=27, maxDocumentSize=16777216, logicalSessionTimeoutMinutes=30, roundTripTimeNanos=20382300}
2025-11-14 01:00:02,578 INFO  [main] org.mongodb.driver.client : MongoClient with metadata {"driver": {"name": "mongo-java-driver|sync", "version": "5.1.0"}, "os": {"type": "Windows", "name": "Windows 11", "architecture": "amd64", "version": "10.0"}, "platform": "Java/Oracle Corporation/20.0.2+9-78"} created with settings MongoClientSettings{readPreference=primary, writeConcern=WriteConcern{w=null, wTimeout=null ms, journal=null}, retryWrites=true, retryReads=true, readConcern=ReadConcern{level=null}, credential=null, transportSettings=null, commandListeners=[], codecRegistry=ProvidersCodecRegistry{codecProviders=[ProvidersCodecRegistry{codecProviders=[ValueCodecProvider{}, BsonValueCodecProvider{}, DBRefCodecProvider{}, DBObjectCodecProvider{}, DocumentCodecProvider{}, CollectionCodecProvider{}, IterableCodecProvider{}, MapCodecProvider{}, GeoJsonCodecProvider{}, GridFSFileCodecProvider{}, Jsr310CodecProvider{}, JsonObjectCodecProvider{}, BsonCodecProvider{}, EnumCodecProvider{}, com.mongodb.client.model.mql.ExpressionCodecProvider@2ece4966, com.mongodb.Jep395RecordCodecProvider@1dd0e7c4, com.mongodb.KotlinCodecProvider@7894f09b]}, ProvidersCodecRegistry{codecProviders=[org.bson.codecs.pojo.PojoCodecProvider@3d484181]}]}, loggerSettings=LoggerSettings{maxDocumentLength=1000}, clusterSettings={hosts=[localhost:27017], srvServiceName=mongodb, mode=SINGLE, requiredClusterType=UNKNOWN, requiredReplicaSetName='null', serverSelector='null', clusterListeners='[]', serverSelectionTimeout='30000 ms', localThreshold='15 ms'}, socketSettings=SocketSettings{connectTimeoutMS=10000, readTimeoutMS=0, receiveBufferSize=0, proxySettings=ProxySettings{host=null, port=null, username=null, password=null}}, heartbeatSocketSettings=SocketSettings{connectTimeoutMS=10000, readTimeoutMS=10000, receiveBufferSize=0, proxySettings=ProxySettings{host=null, port=null, username=null, password=null}}, connectionPoolSettings=ConnectionPoolSettings{maxSize=100, minSize=0, maxWaitTimeMS=120000, maxConnectionLifeTimeMS=0, maxConnectionIdleTimeMS=0, maintenanceInitialDelayMS=0, maintenanceFrequencyMS=60000, connectionPoolListeners=[], maxConnecting=2}, serverSettings=ServerSettings{heartbeatFrequencyMS=10000, minHeartbeatFrequencyMS=500, serverMonitoringMode=AUTO, serverListeners='[]', serverMonitorListeners='[]'}, sslSettings=SslSettings{enabled=false, invalidHostNameAllowed=false, context=null}, applicationName='null', compressorList=[], uuidRepresentation=UNSPECIFIED, serverApi=null, autoEncryptionSettings=null, dnsClient=null, inetAddressResolver=null, contextProvider=null}
2025-11-14 01:00:02,590 INFO  [cluster-ClusterId{value='691631ba738ae11e6d02624d', description='null'}-localhost:27017] org.mongodb.driver.cluster : Monitor thread successfully connected to server with description ServerDescription{address=localhost:27017, type=STANDALONE, state=CONNECTED, ok=true, minWireVersion=0, maxWireVersion=27, maxDocumentSize=16777216, logicalSessionTimeoutMinutes=30, roundTripTimeNanos=23672300}
2025-11-14 01:00:02,590 INFO  [main] org.example.Main : 
=== SOCIAL MEDIA APP ===
2025-11-14 01:00:02,590 INFO  [main] org.example.Main : 1. Register
2025-11-14 01:00:02,590 INFO  [main] org.example.Main : 2. Login
2025-11-14 01:00:02,591 INFO  [main] org.example.Main : 3. Reset Password
2025-11-14 01:00:02,591 INFO  [main] org.example.Main : 4. Exit
2025-11-14 01:00:02,591 INFO  [main] org.example.Main : Choose: 
2025-11-14 01:00:16,550 INFO  [main] org.example.Main : Username: 
2025-11-14 01:00:19,803 INFO  [main] org.example.Main : Full Name: 
2025-11-14 01:01:09,374 INFO  [main] org.example.Main : Email: 
2025-11-14 01:01:31,385 INFO  [main] org.example.Main : Password: 
2025-11-14 01:01:51,499 INFO  [main] org.example.Main : Registered successfully.
2025-11-14 01:01:51,499 INFO  [main] org.example.Main : 
=== SOCIAL MEDIA APP ===
2025-11-14 01:01:51,499 INFO  [main] org.example.Main : 1. Register
2025-11-14 01:01:51,499 INFO  [main] org.example.Main : 2. Login
2025-11-14 01:01:51,499 INFO  [main] org.example.Main : 3. Reset Password
2025-11-14 01:01:51,499 INFO  [main] org.example.Main : 4. Exit
2025-11-14 01:01:51,499 INFO  [main] org.example.Main : Choose: 
2025-11-14 01:02:02,575 INFO  [main] org.example.Main : Login successful. Welcome nidhi pandey
2025-11-14 01:02:02,583 INFO  [main] org.example.Main : 
=== SOCIAL MEDIA APP ===
2025-11-14 01:02:02,583 INFO  [main] org.example.Main : 1. Create Post
2025-11-14 01:02:02,583 INFO  [main] org.example.Main : 2. View Feed
2025-11-14 01:02:02,584 INFO  [main] org.example.Main : 3. Like a Post
2025-11-14 01:02:02,584 INFO  [main] org.example.Main : 4. Comment on Post
2025-11-14 01:02:02,584 INFO  [main] org.example.Main : 5. Change Password
2025-11-14 01:02:02,584 INFO  [main] org.example.Main : 6. View My Profile
2025-11-14 01:02:02,584 INFO  [main] org.example.Main : 7. Edit Profile (bio)
2025-11-14 01:02:02,584 INFO  [main] org.example.Main : 8. View My Posts
2025-11-14 01:02:02,584 INFO  [main] org.example.Main : 9. Follow a User
2025-11-14 01:02:02,584 INFO  [main] org.example.Main : 10. Logout
2025-11-14 01:02:02,584 INFO  [main] org.example.Main : 11. Exit
2025-11-14 01:02:02,585 INFO  [main] org.example.Main : Choose: 
2025-11-14 01:02:21,253 INFO  [main] org.example.Main : Enter post content: 
2025-11-14 01:02:30,722 INFO  [main] org.example.Main : Post created.
2025-11-14 01:02:30,722 INFO  [main] org.example.Main : 
=== SOCIAL MEDIA APP ===
2025-11-14 01:02:30,722 INFO  [main] org.example.Main : 1. Create Post
2025-11-14 01:02:30,722 INFO  [main] org.example.Main : 2. View Feed
2025-11-14 01:02:30,722 INFO  [main] org.example.Main : 3. Like a Post
2025-11-14 01:02:30,722 INFO  [main] org.example.Main : 4. Comment on Post
2025-11-14 01:02:30,722 INFO  [main] org.example.Main : 5. Change Password
2025-11-14 01:02:30,722 INFO  [main] org.example.Main : 6. View My Profile
2025-11-14 01:02:30,722 INFO  [main] org.example.Main : 7. Edit Profile (bio)
2025-11-14 01:02:30,722 INFO  [main] org.example.Main : 8. View My Posts
2025-11-14 01:02:30,722 INFO  [main] org.example.Main : 9. Follow a User
2025-11-14 01:02:30,722 INFO  [main] org.example.Main : 10. Logout
2025-11-14 01:02:30,722 INFO  [main] org.example.Main : 11. Exit
2025-11-14 01:02:30,722 INFO  [main] org.example.Main : Choose: 
2025-11-14 01:02:32,956 INFO  [main] org.example.Main : 
=== FEED ===
2025-11-14 01:02:32,977 INFO  [main] org.example.Main : 
Post ID: 6910788dcae590198ea09969
2025-11-14 01:02:32,979 INFO  [main] org.example.Main : Posted by: Parul12
2025-11-14 01:02:32,980 INFO  [main] org.example.Main : Content: hello world
2025-11-14 01:02:32,980 INFO  [main] org.example.Main : Likes: 1
2025-11-14 01:02:32,980 INFO  [main] org.example.Main : Comments:
2025-11-14 01:02:32,980 INFO  [main] org.example.Main :  - (1) hello
2025-11-14 01:02:32,983 INFO  [main] org.example.Main : 
Post ID: 69159e709ed97e7a4b29d1bc
2025-11-14 01:02:32,984 INFO  [main] org.example.Main : Posted by: Paruls12
2025-11-14 01:02:32,985 INFO  [main] org.example.Main : Content: Hello New account! new post!
2025-11-14 01:02:32,985 INFO  [main] org.example.Main : Likes: 1
2025-11-14 01:02:32,985 INFO  [main] org.example.Main : Comments:
2025-11-14 01:02:32,985 INFO  [main] org.example.Main :  - (2) ohh wow1
2025-11-14 01:02:32,987 INFO  [main] org.example.Main : 
Post ID: 69159fe0a177a033789b405f
2025-11-14 01:02:32,990 INFO  [main] org.example.Main : Posted by: Paruls12
2025-11-14 01:02:32,990 INFO  [main] org.example.Main : Content: Hello goiz new post
2025-11-14 01:02:32,990 INFO  [main] org.example.Main : Likes: 0
2025-11-14 01:02:32,990 INFO  [main] org.example.Main : Comments:
2025-11-14 01:02:32,992 INFO  [main] org.example.Main : 
Post ID: 69162c8acd83b61f53af0391
2025-11-14 01:02:32,992 INFO  [main] org.example.Main : Posted by: 0
2025-11-14 01:02:32,992 INFO  [main] org.example.Main : Content: null
2025-11-14 01:02:32,992 INFO  [main] org.example.Main : Likes: 0
2025-11-14 01:02:32,992 INFO  [main] org.example.Main : Comments:
2025-11-14 01:02:32,995 INFO  [main] org.example.Main : 
Post ID: 6916324e738ae11e6d02624e
2025-11-14 01:02:32,996 INFO  [main] org.example.Main : Posted by: nidhi
2025-11-14 01:02:32,996 INFO  [main] org.example.Main : Content: new acc
2025-11-14 01:02:32,996 INFO  [main] org.example.Main : Likes: 0
2025-11-14 01:02:32,996 INFO  [main] org.example.Main : Comments:
2025-11-14 01:02:32,996 INFO  [main] org.example.Main : 
=== SOCIAL MEDIA APP ===
2025-11-14 01:02:32,996 INFO  [main] org.example.Main : 1. Create Post
2025-11-14 01:02:32,996 INFO  [main] org.example.Main : 2. View Feed
2025-11-14 01:02:32,996 INFO  [main] org.example.Main : 3. Like a Post
2025-11-14 01:02:32,996 INFO  [main] org.example.Main : 4. Comment on Post
2025-11-14 01:02:32,996 INFO  [main] org.example.Main : 5. Change Password
2025-11-14 01:02:32,996 INFO  [main] org.example.Main : 6. View My Profile
2025-11-14 01:02:32,996 INFO  [main] org.example.Main : 7. Edit Profile (bio)
2025-11-14 01:02:32,996 INFO  [main] org.example.Main : 8. View My Posts
2025-11-14 01:02:32,996 INFO  [main] org.example.Main : 9. Follow a User
2025-11-14 01:02:32,996 INFO  [main] org.example.Main : 10. Logout
2025-11-14 01:02:32,996 INFO  [main] org.example.Main : 11. Exit
2025-11-14 01:02:32,996 INFO  [main] org.example.Main : Choose: 
2025-11-14 01:02:47,521 INFO  [main] org.example.Main : Enter Post ID to Like: 
2025-11-14 01:03:48,189 INFO  [main] org.example.Main : Liked.
2025-11-14 01:03:48,189 INFO  [main] org.example.Main : 
=== SOCIAL MEDIA APP ===
2025-11-14 01:03:48,189 INFO  [main] org.example.Main : 1. Create Post
2025-11-14 01:03:48,189 INFO  [main] org.example.Main : 2. View Feed
2025-11-14 01:03:48,189 INFO  [main] org.example.Main : 3. Like a Post
2025-11-14 01:03:48,189 INFO  [main] org.example.Main : 4. Comment on Post
2025-11-14 01:03:48,189 INFO  [main] org.example.Main : 5. Change Password
2025-11-14 01:03:48,189 INFO  [main] org.example.Main : 6. View My Profile
2025-11-14 01:03:48,189 INFO  [main] org.example.Main : 7. Edit Profile (bio)
2025-11-14 01:03:48,189 INFO  [main] org.example.Main : 8. View My Posts
2025-11-14 01:03:48,189 INFO  [main] org.example.Main : 9. Follow a User
2025-11-14 01:03:48,189 INFO  [main] org.example.Main : 10. Logout
2025-11-14 01:03:48,189 INFO  [main] org.example.Main : 11. Exit
2025-11-14 01:03:48,189 INFO  [main] org.example.Main : Choose: 
2025-11-14 01:03:54,829 INFO  [main] org.example.Main : Enter Post ID: 
2025-11-14 01:04:10,946 INFO  [main] org.example.Main : Comment: 
2025-11-14 01:04:16,414 INFO  [main] org.example.Main : Comment added.
2025-11-14 01:04:16,414 INFO  [main] org.example.Main : 
=== SOCIAL MEDIA APP ===
2025-11-14 01:04:16,414 INFO  [main] org.example.Main : 1. Create Post
2025-11-14 01:04:16,414 INFO  [main] org.example.Main : 2. View Feed
2025-11-14 01:04:16,414 INFO  [main] org.example.Main : 3. Like a Post
2025-11-14 01:04:16,414 INFO  [main] org.example.Main : 4. Comment on Post
2025-11-14 01:04:16,414 INFO  [main] org.example.Main : 5. Change Password
2025-11-14 01:04:16,414 INFO  [main] org.example.Main : 6. View My Profile
2025-11-14 01:04:16,414 INFO  [main] org.example.Main : 7. Edit Profile (bio)
2025-11-14 01:04:16,414 INFO  [main] org.example.Main : 8. View My Posts
2025-11-14 01:04:16,414 INFO  [main] org.example.Main : 9. Follow a User
2025-11-14 01:04:16,414 INFO  [main] org.example.Main : 10. Logout
2025-11-14 01:04:16,414 INFO  [main] org.example.Main : 11. Exit
2025-11-14 01:04:16,414 INFO  [main] org.example.Main : Choose: 
2025-11-14 01:04:21,410 INFO  [main] org.example.Main : 
=== MY PROFILE ===
2025-11-14 01:04:21,410 INFO  [main] org.example.Main : Username: nidhi
2025-11-14 01:04:21,410 INFO  [main] org.example.Main : Full Name: nidhi pandey
2025-11-14 01:04:21,410 INFO  [main] org.example.Main : Email: nidhi@gmail.com
2025-11-14 01:04:21,410 INFO  [main] org.example.Main : Joined: 2025-11-14 01:01:51
2025-11-14 01:04:21,410 INFO  [main] org.example.Main : Bio: 
2025-11-14 01:04:21,410 INFO  [main] org.example.Main : Followers: 0, Following: 0
2025-11-14 01:04:21,410 INFO  [main] org.example.Main : 
=== SOCIAL MEDIA APP ===
2025-11-14 01:04:21,410 INFO  [main] org.example.Main : 1. Create Post
2025-11-14 01:04:21,410 INFO  [main] org.example.Main : 2. View Feed
2025-11-14 01:04:21,410 INFO  [main] org.example.Main : 3. Like a Post
2025-11-14 01:04:21,410 INFO  [main] org.example.Main : 4. Comment on Post
2025-11-14 01:04:21,410 INFO  [main] org.example.Main : 5. Change Password
2025-11-14 01:04:21,410 INFO  [main] org.example.Main : 6. View My Profile
2025-11-14 01:04:21,410 INFO  [main] org.example.Main : 7. Edit Profile (bio)
2025-11-14 01:04:21,410 INFO  [main] org.example.Main : 8. View My Posts
2025-11-14 01:04:21,410 INFO  [main] org.example.Main : 9. Follow a User
2025-11-14 01:04:21,410 INFO  [main] org.example.Main : 10. Logout
2025-11-14 01:04:21,410 INFO  [main] org.example.Main : 11. Exit
2025-11-14 01:04:21,410 INFO  [main] org.example.Main : Choose: 
2025-11-14 01:04:40,040 INFO  [main] org.example.Main : Enter new bio: 
2025-11-14 01:04:51,725 INFO  [main] org.example.Main : Bio updated.
2025-11-14 01:04:51,725 INFO  [main] org.example.Main : 
=== SOCIAL MEDIA APP ===
2025-11-14 01:04:51,725 INFO  [main] org.example.Main : 1. Create Post
2025-11-14 01:04:51,725 INFO  [main] org.example.Main : 2. View Feed
2025-11-14 01:04:51,725 INFO  [main] org.example.Main : 3. Like a Post
2025-11-14 01:04:51,725 INFO  [main] org.example.Main : 4. Comment on Post
2025-11-14 01:04:51,725 INFO  [main] org.example.Main : 5. Change Password
2025-11-14 01:04:51,725 INFO  [main] org.example.Main : 6. View My Profile
2025-11-14 01:04:51,725 INFO  [main] org.example.Main : 7. Edit Profile (bio)
2025-11-14 01:04:51,725 INFO  [main] org.example.Main : 8. View My Posts
2025-11-14 01:04:51,725 INFO  [main] org.example.Main : 9. Follow a User
2025-11-14 01:04:51,725 INFO  [main] org.example.Main : 10. Logout
2025-11-14 01:04:51,725 INFO  [main] org.example.Main : 11. Exit
2025-11-14 01:04:51,725 INFO  [main] org.example.Main : Choose: 
2025-11-14 01:04:59,495 INFO  [main] org.example.Main : 
=== MY PROFILE ===
2025-11-14 01:04:59,495 INFO  [main] org.example.Main : Username: nidhi
2025-11-14 01:04:59,495 INFO  [main] org.example.Main : Full Name: nidhi pandey
2025-11-14 01:04:59,495 INFO  [main] org.example.Main : Email: nidhi@gmail.com
2025-11-14 01:04:59,495 INFO  [main] org.example.Main : Joined: 2025-11-14 01:01:51
2025-11-14 01:04:59,495 INFO  [main] org.example.Main : Bio: roko4518
2025-11-14 01:04:59,495 INFO  [main] org.example.Main : Followers: 0, Following: 0
2025-11-14 01:04:59,495 INFO  [main] org.example.Main : 
=== SOCIAL MEDIA APP ===
2025-11-14 01:04:59,495 INFO  [main] org.example.Main : 1. Create Post
2025-11-14 01:04:59,495 INFO  [main] org.example.Main : 2. View Feed
2025-11-14 01:04:59,495 INFO  [main] org.example.Main : 3. Like a Post
2025-11-14 01:04:59,495 INFO  [main] org.example.Main : 4. Comment on Post
2025-11-14 01:04:59,495 INFO  [main] org.example.Main : 5. Change Password
2025-11-14 01:04:59,495 INFO  [main] org.example.Main : 6. View My Profile
2025-11-14 01:04:59,495 INFO  [main] org.example.Main : 7. Edit Profile (bio)
2025-11-14 01:04:59,495 INFO  [main] org.example.Main : 8. View My Posts
2025-11-14 01:04:59,495 INFO  [main] org.example.Main : 9. Follow a User
2025-11-14 01:04:59,495 INFO  [main] org.example.Main : 10. Logout
2025-11-14 01:04:59,495 INFO  [main] org.example.Main : 11. Exit
2025-11-14 01:04:59,495 INFO  [main] org.example.Main : Choose: 
2025-11-14 01:05:11,619 INFO  [main] org.example.Main : Enter username to follow: 
2025-11-14 01:05:52,849 INFO  [main] org.example.Main : Now following Paru.
2025-11-14 01:05:52,849 INFO  [main] org.example.Main : 
=== SOCIAL MEDIA APP ===
2025-11-14 01:05:52,849 INFO  [main] org.example.Main : 1. Create Post
2025-11-14 01:05:52,849 INFO  [main] org.example.Main : 2. View Feed
2025-11-14 01:05:52,849 INFO  [main] org.example.Main : 3. Like a Post
2025-11-14 01:05:52,849 INFO  [main] org.example.Main : 4. Comment on Post
2025-11-14 01:05:52,849 INFO  [main] org.example.Main : 5. Change Password
2025-11-14 01:05:52,849 INFO  [main] org.example.Main : 6. View My Profile
2025-11-14 01:05:52,849 INFO  [main] org.example.Main : 7. Edit Profile (bio)
2025-11-14 01:05:52,849 INFO  [main] org.example.Main : 8. View My Posts
2025-11-14 01:05:52,849 INFO  [main] org.example.Main : 9. Follow a User
2025-11-14 01:05:52,849 INFO  [main] org.example.Main : 10. Logout
2025-11-14 01:05:52,849 INFO  [main] org.example.Main : 11. Exit
2025-11-14 01:05:52,849 INFO  [main] org.example.Main : Choose: 
2025-11-14 01:06:00,648 INFO  [main] org.example.Main : 
=== MY PROFILE ===
2025-11-14 01:06:00,649 INFO  [main] org.example.Main : Username: nidhi
2025-11-14 01:06:00,649 INFO  [main] org.example.Main : Full Name: nidhi pandey
2025-11-14 01:06:00,649 INFO  [main] org.example.Main : Email: nidhi@gmail.com
2025-11-14 01:06:00,649 INFO  [main] org.example.Main : Joined: 2025-11-14 01:01:51
2025-11-14 01:06:00,649 INFO  [main] org.example.Main : Bio: roko4518
2025-11-14 01:06:00,649 INFO  [main] org.example.Main : Followers: 0, Following: 1
2025-11-14 01:06:00,649 INFO  [main] org.example.Main : 
=== SOCIAL MEDIA APP ===
2025-11-14 01:06:00,649 INFO  [main] org.example.Main : 1. Create Post
2025-11-14 01:06:00,649 INFO  [main] org.example.Main : 2. View Feed
2025-11-14 01:06:00,649 INFO  [main] org.example.Main : 3. Like a Post
2025-11-14 01:06:00,649 INFO  [main] org.example.Main : 4. Comment on Post
2025-11-14 01:06:00,649 INFO  [main] org.example.Main : 5. Change Password
2025-11-14 01:06:00,649 INFO  [main] org.example.Main : 6. View My Profile
2025-11-14 01:06:00,649 INFO  [main] org.example.Main : 7. Edit Profile (bio)
2025-11-14 01:06:00,649 INFO  [main] org.example.Main : 8. View My Posts
2025-11-14 01:06:00,649 INFO  [main] org.example.Main : 9. Follow a User
2025-11-14 01:06:00,650 INFO  [main] org.example.Main : 10. Logout
2025-11-14 01:06:00,650 INFO  [main] org.example.Main : 11. Exit
2025-11-14 01:06:00,650 INFO  [main] org.example.Main : Choose: 
2025-11-14 01:06:23,175 INFO  [main] org.example.Main : 
=== MY POSTS ===
2025-11-14 01:06:23,175 INFO  [main] org.example.Main : - 6916324e738ae11e6d02624e: new acc
2025-11-14 01:06:23,175 INFO  [main] org.example.Main : 
=== SOCIAL MEDIA APP ===
2025-11-14 01:06:23,175 INFO  [main] org.example.Main : 1. Create Post
2025-11-14 01:06:23,175 INFO  [main] org.example.Main : 2. View Feed
2025-11-14 01:06:23,175 INFO  [main] org.example.Main : 3. Like a Post
2025-11-14 01:06:23,175 INFO  [main] org.example.Main : 4. Comment on Post
2025-11-14 01:06:23,175 INFO  [main] org.example.Main : 5. Change Password
2025-11-14 01:06:23,175 INFO  [main] org.example.Main : 6. View My Profile
2025-11-14 01:06:23,175 INFO  [main] org.example.Main : 7. Edit Profile (bio)
2025-11-14 01:06:23,175 INFO  [main] org.example.Main : 8. View My Posts
2025-11-14 01:06:23,175 INFO  [main] org.example.Main : 9. Follow a User
2025-11-14 01:06:23,175 INFO  [main] org.example.Main : 10. Logout
2025-11-14 01:06:23,175 INFO  [main] org.example.Main : 11. Exit
2025-11-14 01:06:23,175 INFO  [main] org.example.Main : Choose: 
2025-11-14 01:12:51,288 INFO  [main] org.example.Main : Enter username to follow: 
2025-11-14 01:13:08,141 INFO  [main] org.example.Main : Now following aditi.
2025-11-14 01:13:08,141 INFO  [main] org.example.Main : 
=== SOCIAL MEDIA APP ===
2025-11-14 01:13:08,141 INFO  [main] org.example.Main : 1. Create Post
2025-11-14 01:13:08,141 INFO  [main] org.example.Main : 2. View Feed
2025-11-14 01:13:08,141 INFO  [main] org.example.Main : 3. Like a Post
2025-11-14 01:13:08,141 INFO  [main] org.example.Main : 4. Comment on Post
2025-11-14 01:13:08,142 INFO  [main] org.example.Main : 5. Change Password
2025-11-14 01:13:08,142 INFO  [main] org.example.Main : 6. View My Profile
2025-11-14 01:13:08,142 INFO  [main] org.example.Main : 7. Edit Profile (bio)
2025-11-14 01:13:08,142 INFO  [main] org.example.Main : 8. View My Posts
2025-11-14 01:13:08,142 INFO  [main] org.example.Main : 9. Follow a User
2025-11-14 01:13:08,142 INFO  [main] org.example.Main : 10. Logout
2025-11-14 01:13:08,142 INFO  [main] org.example.Main : 11. Exit
2025-11-14 01:13:08,142 INFO  [main] org.example.Main : Choose: 
2025-11-14 01:13:16,695 INFO  [main] org.example.Main : 
=== MY PROFILE ===
2025-11-14 01:13:16,695 INFO  [main] org.example.Main : Username: nidhi
2025-11-14 01:13:16,695 INFO  [main] org.example.Main : Full Name: nidhi pandey
2025-11-14 01:13:16,695 INFO  [main] org.example.Main : Email: nidhi@gmail.com
2025-11-14 01:13:16,695 INFO  [main] org.example.Main : Joined: 2025-11-14 01:01:51
2025-11-14 01:13:16,695 INFO  [main] org.example.Main : Bio: roko4518
2025-11-14 01:13:16,695 INFO  [main] org.example.Main : Followers: 0, Following: 2
2025-11-14 01:13:16,695 INFO  [main] org.example.Main : 
=== SOCIAL MEDIA APP ===
2025-11-14 01:13:16,695 INFO  [main] org.example.Main : 1. Create Post
2025-11-14 01:13:16,695 INFO  [main] org.example.Main : 2. View Feed
2025-11-14 01:13:16,695 INFO  [main] org.example.Main : 3. Like a Post
2025-11-14 01:13:16,695 INFO  [main] org.example.Main : 4. Comment on Post
2025-11-14 01:13:16,695 INFO  [main] org.example.Main : 5. Change Password
2025-11-14 01:13:16,695 INFO  [main] org.example.Main : 6. View My Profile
2025-11-14 01:13:16,695 INFO  [main] org.example.Main : 7. Edit Profile (bio)
2025-11-14 01:13:16,695 INFO  [main] org.example.Main : 8. View My Posts
2025-11-14 01:13:16,695 INFO  [main] org.example.Main : 9. Follow a User
2025-11-14 01:13:16,695 INFO  [main] org.example.Main : 10. Logout
2025-11-14 01:13:16,696 INFO  [main] org.example.Main : 11. Exit
2025-11-14 01:13:16,696 INFO  [main] org.example.Main : Choose: 
2025-11-14 01:14:23,193 INFO  [main] org.example.Main : Enter username to follow: 
2025-11-14 01:14:27,529 INFO  [main] org.example.Main : Now following amulya.
2025-11-14 01:14:27,529 INFO  [main] org.example.Main : 
=== SOCIAL MEDIA APP ===
2025-11-14 01:14:27,529 INFO  [main] org.example.Main : 1. Create Post
2025-11-14 01:14:27,529 INFO  [main] org.example.Main : 2. View Feed
2025-11-14 01:14:27,529 INFO  [main] org.example.Main : 3. Like a Post
2025-11-14 01:14:27,529 INFO  [main] org.example.Main : 4. Comment on Post
2025-11-14 01:14:27,529 INFO  [main] org.example.Main : 5. Change Password
2025-11-14 01:14:27,529 INFO  [main] org.example.Main : 6. View My Profile
2025-11-14 01:14:27,529 INFO  [main] org.example.Main : 7. Edit Profile (bio)
2025-11-14 01:14:27,529 INFO  [main] org.example.Main : 8. View My Posts
2025-11-14 01:14:27,529 INFO  [main] org.example.Main : 9. Follow a User
2025-11-14 01:14:27,529 INFO  [main] org.example.Main : 10. Logout
2025-11-14 01:14:27,529 INFO  [main] org.example.Main : 11. Exit
2025-11-14 01:14:27,529 INFO  [main] org.example.Main : Choose: 
2025-11-14 01:14:33,144 INFO  [main] org.example.Main : 
=== MY PROFILE ===
2025-11-14 01:14:33,146 INFO  [main] org.example.Main : Username: nidhi
2025-11-14 01:14:33,146 INFO  [main] org.example.Main : Full Name: nidhi pandey
2025-11-14 01:14:33,146 INFO  [main] org.example.Main : Email: nidhi@gmail.com
2025-11-14 01:14:33,146 INFO  [main] org.example.Main : Joined: 2025-11-14 01:01:51
2025-11-14 01:14:33,146 INFO  [main] org.example.Main : Bio: roko4518
2025-11-14 01:14:33,146 INFO  [main] org.example.Main : Followers: 0, Following: 3
2025-11-14 01:14:33,146 INFO  [main] org.example.Main : 
=== SOCIAL MEDIA APP ===
2025-11-14 01:14:33,146 INFO  [main] org.example.Main : 1. Create Post
2025-11-14 01:14:33,146 INFO  [main] org.example.Main : 2. View Feed
2025-11-14 01:14:33,146 INFO  [main] org.example.Main : 3. Like a Post
2025-11-14 01:14:33,146 INFO  [main] org.example.Main : 4. Comment on Post
2025-11-14 01:14:33,146 INFO  [main] org.example.Main : 5. Change Password
2025-11-14 01:14:33,146 INFO  [main] org.example.Main : 6. View My Profile
2025-11-14 01:14:33,146 INFO  [main] org.example.Main : 7. Edit Profile (bio)
2025-11-14 01:14:33,146 INFO  [main] org.example.Main : 8. View My Posts
2025-11-14 01:14:33,146 INFO  [main] org.example.Main : 9. Follow a User
2025-11-14 01:14:33,146 INFO  [main] org.example.Main : 10. Logout
2025-11-14 01:14:33,146 INFO  [main] org.example.Main : 11. Exit
2025-11-14 01:14:33,146 INFO  [main] org.example.Main : Choose: 
2025-11-14 01:17:11,466 INFO  [main] org.example.Main : Enter username to follow: 
2025-11-14 01:17:17,414 INFO  [main] org.example.Main : Now following Parul#12.
2025-11-14 01:17:17,414 INFO  [main] org.example.Main : 
=== SOCIAL MEDIA APP ===
2025-11-14 01:17:17,414 INFO  [main] org.example.Main : 1. Create Post
2025-11-14 01:17:17,414 INFO  [main] org.example.Main : 2. View Feed
2025-11-14 01:17:17,414 INFO  [main] org.example.Main : 3. Like a Post
2025-11-14 01:17:17,414 INFO  [main] org.example.Main : 4. Comment on Post
2025-11-14 01:17:17,414 INFO  [main] org.example.Main : 5. Change Password
2025-11-14 01:17:17,414 INFO  [main] org.example.Main : 6. View My Profile
2025-11-14 01:17:17,415 INFO  [main] org.example.Main : 7. Edit Profile (bio)
2025-11-14 01:17:17,415 INFO  [main] org.example.Main : 8. View My Posts
2025-11-14 01:17:17,415 INFO  [main] org.example.Main : 9. Follow a User
2025-11-14 01:17:17,415 INFO  [main] org.example.Main : 10. Logout
2025-11-14 01:17:17,415 INFO  [main] org.example.Main : 11. Exit
2025-11-14 01:17:17,415 INFO  [main] org.example.Main : Choose: 
2025-11-14 01:17:25,618 INFO  [main] org.example.Main : 
=== MY PROFILE ===
2025-11-14 01:17:25,618 INFO  [main] org.example.Main : Username: nidhi
2025-11-14 01:17:25,618 INFO  [main] org.example.Main : Full Name: nidhi pandey
2025-11-14 01:17:25,618 INFO  [main] org.example.Main : Email: nidhi@gmail.com
2025-11-14 01:17:25,618 INFO  [main] org.example.Main : Joined: 2025-11-14 01:01:51
2025-11-14 01:17:25,618 INFO  [main] org.example.Main : Bio: roko4518
2025-11-14 01:17:25,618 INFO  [main] org.example.Main : Followers: 0, Following: 4
2025-11-14 01:17:25,618 INFO  [main] org.example.Main : 
=== SOCIAL MEDIA APP ===
2025-11-14 01:17:25,618 INFO  [main] org.example.Main : 1. Create Post
2025-11-14 01:17:25,618 INFO  [main] org.example.Main : 2. View Feed
2025-11-14 01:17:25,618 INFO  [main] org.example.Main : 3. Like a Post
2025-11-14 01:17:25,618 INFO  [main] org.example.Main : 4. Comment on Post
2025-11-14 01:17:25,618 INFO  [main] org.example.Main : 5. Change Password
2025-11-14 01:17:25,618 INFO  [main] org.example.Main : 6. View My Profile
2025-11-14 01:17:25,618 INFO  [main] org.example.Main : 7. Edit Profile (bio)
2025-11-14 01:17:25,618 INFO  [main] org.example.Main : 8. View My Posts
2025-11-14 01:17:25,618 INFO  [main] org.example.Main : 9. Follow a User
2025-11-14 01:17:25,618 INFO  [main] org.example.Main : 10. Logout
2025-11-14 01:17:25,618 INFO  [main] org.example.Main : 11. Exit
2025-11-14 01:17:25,618 INFO  [main] org.example.Main : Choose: 
2025-11-14 01:22:07,530 INFO  [main] org.mongodb.driver.client : MongoClient with metadata {"driver": {"name": "mongo-java-driver|sync", "version": "5.1.0"}, "os": {"type": "Windows", "name": "Windows 11", "architecture": "amd64", "version": "10.0"}, "platform": "Java/Oracle Corporation/20.0.2+9-78"} created with settings MongoClientSettings{readPreference=primary, writeConcern=WriteConcern{w=null, wTimeout=null ms, journal=null}, retryWrites=true, retryReads=true, readConcern=ReadConcern{level=null}, credential=null, transportSettings=null, commandListeners=[], codecRegistry=ProvidersCodecRegistry{codecProviders=[ProvidersCodecRegistry{codecProviders=[ValueCodecProvider{}, BsonValueCodecProvider{}, DBRefCodecProvider{}, DBObjectCodecProvider{}, DocumentCodecProvider{}, CollectionCodecProvider{}, IterableCodecProvider{}, MapCodecProvider{}, GeoJsonCodecProvider{}, GridFSFileCodecProvider{}, Jsr310CodecProvider{}, JsonObjectCodecProvider{}, BsonCodecProvider{}, EnumCodecProvider{}, com.mongodb.client.model.mql.ExpressionCodecProvider@2ece4966, com.mongodb.Jep395RecordCodecProvider@1dd0e7c4, com.mongodb.KotlinCodecProvider@7894f09b]}, ProvidersCodecRegistry{codecProviders=[org.bson.codecs.pojo.PojoCodecProvider@3d484181]}]}, loggerSettings=LoggerSettings{maxDocumentLength=1000}, clusterSettings={hosts=[localhost:27017], srvServiceName=mongodb, mode=SINGLE, requiredClusterType=UNKNOWN, requiredReplicaSetName='null', serverSelector='null', clusterListeners='[]', serverSelectionTimeout='30000 ms', localThreshold='15 ms'}, socketSettings=SocketSettings{connectTimeoutMS=10000, readTimeoutMS=0, receiveBufferSize=0, proxySettings=ProxySettings{host=null, port=null, username=null, password=null}}, heartbeatSocketSettings=SocketSettings{connectTimeoutMS=10000, readTimeoutMS=10000, receiveBufferSize=0, proxySettings=ProxySettings{host=null, port=null, username=null, password=null}}, connectionPoolSettings=ConnectionPoolSettings{maxSize=100, minSize=0, maxWaitTimeMS=120000, maxConnectionLifeTimeMS=0, maxConnectionIdleTimeMS=0, maintenanceInitialDelayMS=0, maintenanceFrequencyMS=60000, connectionPoolListeners=[], maxConnecting=2}, serverSettings=ServerSettings{heartbeatFrequencyMS=10000, minHeartbeatFrequencyMS=500, serverMonitoringMode=AUTO, serverListeners='[]', serverMonitorListeners='[]'}, sslSettings=SslSettings{enabled=false, invalidHostNameAllowed=false, context=null}, applicationName='null', compressorList=[], uuidRepresentation=UNSPECIFIED, serverApi=null, autoEncryptionSettings=null, dnsClient=null, inetAddressResolver=null, contextProvider=null}
2025-11-14 01:22:07,541 INFO  [cluster-ClusterId{value='691636e7374cda109f69356f', description='null'}-localhost:27017] org.mongodb.driver.cluster : Monitor thread successfully connected to server with description ServerDescription{address=localhost:27017, type=STANDALONE, state=CONNECTED, ok=true, minWireVersion=0, maxWireVersion=27, maxDocumentSize=16777216, logicalSessionTimeoutMinutes=30, roundTripTimeNanos=18646200}
2025-11-14 01:22:07,547 INFO  [main] org.example.Main : 
=== SOCIAL MEDIA APP ===
2025-11-14 01:22:07,548 INFO  [main] org.example.Main : 1. Register
2025-11-14 01:22:07,548 INFO  [main] org.example.Main : 2. Login
2025-11-14 01:22:07,548 INFO  [main] org.example.Main : 3. Reset Password
2025-11-14 01:22:07,548 INFO  [main] org.example.Main : 4. Exit
2025-11-14 01:22:07,548 INFO  [main] org.example.Main : Choose: 
2025-11-14 01:22:10,754 INFO  [main] org.example.Main : Email: 
2025-11-14 01:22:17,492 INFO  [main] org.example.Main : Password: 
2025-11-14 01:22:36,747 INFO  [main] org.example.Main : Login successful. Welcome Parul Pandey
2025-11-14 01:22:36,749 INFO  [main] org.example.Main : 
=== SOCIAL MEDIA APP ===
2025-11-14 01:22:36,749 INFO  [main] org.example.Main : 1. Create Post
2025-11-14 01:22:36,749 INFO  [main] org.example.Main : 2. View Feed
2025-11-14 01:22:36,749 INFO  [main] org.example.Main : 3. Like a Post
2025-11-14 01:22:36,749 INFO  [main] org.example.Main : 4. Comment on Post
2025-11-14 01:22:36,749 INFO  [main] org.example.Main : 5. Change Password
2025-11-14 01:22:36,749 INFO  [main] org.example.Main : 6. View My Profile
2025-11-14 01:22:36,749 INFO  [main] org.example.Main : 7. Edit Profile (bio)
2025-11-14 01:22:36,749 INFO  [main] org.example.Main : 8. View My Posts
2025-11-14 01:22:36,749 INFO  [main] org.example.Main : 9. Follow a User
2025-11-14 01:22:36,749 INFO  [main] org.example.Main : 10. Logout
2025-11-14 01:22:36,750 INFO  [main] org.example.Main : 11. Exit
2025-11-14 01:22:36,750 INFO  [main] org.example.Main : Choose: 
2025-11-14 01:22:43,311 INFO  [main] org.example.Main : Enter username to follow: 
2025-11-14 01:22:46,651 INFO  [main] org.example.Main : Now following somya.
2025-11-14 01:22:46,651 INFO  [main] org.example.Main : 
=== SOCIAL MEDIA APP ===
2025-11-14 01:22:46,651 INFO  [main] org.example.Main : 1. Create Post
2025-11-14 01:22:46,651 INFO  [main] org.example.Main : 2. View Feed
2025-11-14 01:22:46,651 INFO  [main] org.example.Main : 3. Like a Post
2025-11-14 01:22:46,651 INFO  [main] org.example.Main : 4. Comment on Post
2025-11-14 01:22:46,651 INFO  [main] org.example.Main : 5. Change Password
2025-11-14 01:22:46,651 INFO  [main] org.example.Main : 6. View My Profile
2025-11-14 01:22:46,651 INFO  [main] org.example.Main : 7. Edit Profile (bio)
2025-11-14 01:22:46,651 INFO  [main] org.example.Main : 8. View My Posts
2025-11-14 01:22:46,651 INFO  [main] org.example.Main : 9. Follow a User
2025-11-14 01:22:46,651 INFO  [main] org.example.Main : 10. Logout
2025-11-14 01:22:46,651 INFO  [main] org.example.Main : 11. Exit
2025-11-14 01:22:46,651 INFO  [main] org.example.Main : Choose: 
2025-11-14 01:22:51,386 INFO  [main] org.example.Main : 
=== MY PROFILE ===
2025-11-14 01:22:51,387 INFO  [main] org.example.Main : Username: Paru
2025-11-14 01:22:51,387 INFO  [main] org.example.Main : Full Name: Parul Pandey
2025-11-14 01:22:51,387 INFO  [main] org.example.Main : Email: parulbab16@gmail.com
2025-11-14 01:22:51,388 INFO  [main] org.example.Main : Joined: 2025-11-13 22:25:43
2025-11-14 01:22:51,388 INFO  [main] org.example.Main : Bio: 
2025-11-14 01:22:51,388 INFO  [main] org.example.Main : Followers: 0, Following: 1
2025-11-14 01:22:51,388 INFO  [main] org.example.Main : 
=== SOCIAL MEDIA APP ===
2025-11-14 01:22:51,388 INFO  [main] org.example.Main : 1. Create Post
2025-11-14 01:22:51,388 INFO  [main] org.example.Main : 2. View Feed
2025-11-14 01:22:51,388 INFO  [main] org.example.Main : 3. Like a Post
2025-11-14 01:22:51,388 INFO  [main] org.example.Main : 4. Comment on Post
2025-11-14 01:22:51,388 INFO  [main] org.example.Main : 5. Change Password
2025-11-14 01:22:51,388 INFO  [main] org.example.Main : 6. View My Profile
2025-11-14 01:22:51,388 INFO  [main] org.example.Main : 7. Edit Profile (bio)
2025-11-14 01:22:51,388 INFO  [main] org.example.Main : 8. View My Posts
2025-11-14 01:22:51,388 INFO  [main] org.example.Main : 9. Follow a User
2025-11-14 01:22:51,388 INFO  [main] org.example.Main : 10. Logout
2025-11-14 01:22:51,388 INFO  [main] org.example.Main : 11. Exit
2025-11-14 01:22:51,388 INFO  [main] org.example.Main : Choose: 
